{"type":"server-started","port":59920,"host":"127.0.0.1","url_host":"localhost","url":"http://localhost:59920","screen_dir":"/Users/mihaelmaras/Desktop/private work/zeppelin-website/.superpowers/brainstorm/15681-1777314350/content","state_dir":"/Users/mihaelmaras/Desktop/private work/zeppelin-website/.superpowers/brainstorm/15681-1777314350/state"}
{"type":"screen-added","file":"/Users/mihaelmaras/Desktop/private work/zeppelin-website/.superpowers/brainstorm/15681-1777314350/content/hero-mood.html"}
{"type":"screen-updated","file":"/Users/mihaelmaras/Desktop/private work/zeppelin-website/.superpowers/brainstorm/15681-1777314350/content/hero-mood.html"}
{"type":"screen-updated","file":"/Users/mihaelmaras/Desktop/private work/zeppelin-website/.superpowers/brainstorm/15681-1777314350/content/hero-mood.html"}
{"type":"screen-added","file":"/Users/mihaelmaras/Desktop/private work/zeppelin-website/.superpowers/brainstorm/15681-1777314350/content/hero-layout.html"}
{"type":"screen-updated","file":"/Users/mihaelmaras/Desktop/private work/zeppelin-website/.superpowers/brainstorm/15681-1777314350/content/hero-layout.html"}
{"type":"screen-updated","file":"/Users/mihaelmaras/Desktop/private work/zeppelin-website/.superpowers/brainstorm/15681-1777314350/content/hero-layout.html"}
{"type":"screen-updated","file":"/Users/mihaelmaras/Desktop/private work/zeppelin-website/.superpowers/brainstorm/15681-1777314350/content/hero-layout.html"}
{"source":"user-event","type":"click","text":"📍 Saccorgiana Beach, Pula\n          Your base for chill — and the start of every adventure.\n          Book Adventure ↗\n        \n        \n      \n    \n    \n      B — Split · Cream Panel + Photo\n      Content sits on the cream brand background on the left; photo takes the right half. Structured and modern.","choice":"b","id":null,"timestamp":1777314550950}
{"type":"screen-updated","file":"/Users/mihaelmaras/Desktop/private work/zeppelin-website/.superpowers/brainstorm/15681-1777314350/content/hero-layout.html"}
{"type":"screen-updated","file":"/Users/mihaelmaras/Desktop/private work/zeppelin-website/.superpowers/brainstorm/15681-1777314350/content/hero-mood.html"}
{"type":"screen-added","file":"/Users/mihaelmaras/Desktop/private work/zeppelin-website/.superpowers/brainstorm/15681-1777314350/content/hero-mobile.html"}
{"type":"screen-updated","file":"/Users/mihaelmaras/Desktop/private work/zeppelin-website/.superpowers/brainstorm/15681-1777314350/content/hero-mobile.html"}
{"type":"screen-updated","file":"/Users/mihaelmaras/Desktop/private work/zeppelin-website/.superpowers/brainstorm/15681-1777314350/content/hero-mobile.html"}
{"type":"screen-updated","file":"/Users/mihaelmaras/Desktop/private work/zeppelin-website/.superpowers/brainstorm/15681-1777314350/content/hero-mobile.html"}
{"type":"screen-added","file":"/Users/mihaelmaras/Desktop/private work/zeppelin-website/.superpowers/brainstorm/15681-1777314350/content/hero-final.html"}
{"type":"screen-updated","file":"/Users/mihaelmaras/Desktop/private work/zeppelin-website/.superpowers/brainstorm/15681-1777314350/content/hero-final.html"}
{"type":"screen-updated","file":"/Users/mihaelmaras/Desktop/private work/zeppelin-website/.superpowers/brainstorm/15681-1777314350/content/hero-final.html"}
{"type":"screen-updated","file":"/Users/mihaelmaras/Desktop/private work/zeppelin-website/.superpowers/brainstorm/15681-1777314350/content/hero-final.html"}
{"type":"screen-updated","file":"/Users/mihaelmaras/Desktop/private work/zeppelin-website/.superpowers/brainstorm/15681-1777314350/content/hero-final.html"}
{"type":"screen-added","file":"/Users/mihaelmaras/Desktop/private work/zeppelin-website/.superpowers/brainstorm/15681-1777314350/content/transition-options.html"}
{"type":"screen-updated","file":"/Users/mihaelmaras/Desktop/private work/zeppelin-website/.superpowers/brainstorm/15681-1777314350/content/transition-options.html"}
{"type":"server-stopped","reason":"idle timeout"}
